// Jest Snapshot v1, https://goo.gl/fbAQLP

exports[`Friends component Friends should render properly 1`] = `
<div>
  <div>
    <div>
      <div>
        Friends
      </div>
    </div>
    <div>
      <form
        class=""
        method="post"
      >
        <div
          class="mb-3"
        >
          <div
            class="is-valid input-group"
          >
            <input
              aria-label="Username"
              class="form-control"
              name="username"
              placeholder="Username"
              required=""
              type="text"
              value=""
            />
            <button
              class="btn btn-outline-secondary"
              disabled=""
              type="button"
            >
              <svg
                aria-hidden="true"
                class="svg-inline--fa fa-plus "
                data-icon="plus"
                data-prefix="fas"
                focusable="false"
                role="img"
                viewBox="0 0 448 512"
                xmlns="http://www.w3.org/2000/svg"
              >
                <path
                  d="M256 80c0-17.7-14.3-32-32-32s-32 14.3-32 32l0 144L48 224c-17.7 0-32 14.3-32 32s14.3 32 32 32l144 0 0 144c0 17.7 14.3 32 32 32s32-14.3 32-32l0-144 144 0c17.7 0 32-14.3 32-32s-14.3-32-32-32l-144 0 0-144z"
                  fill="currentColor"
                />
              </svg>
                Add
            </button>
          </div>
          <small
            class="text-muted form-text"
          >
            Enter the username of the person you want to share your location data with.
          </small>
        </div>
      </form>
      <table
        class="table table-sm table-striped table-bordered"
      >
        <tbody>
          <tr>
            <td>
              testuser
            </td>
            <td>
              Test User
            </td>
            <td
              style="width: 1px; white-space: nowrap;"
            >
              <button
                class="btn btn-outline-secondary btn-sm"
                type="button"
              >
                <svg
                  aria-hidden="true"
                  class="svg-inline--fa fa-xmark "
                  data-icon="xmark"
                  data-prefix="fas"
                  focusable="false"
                  role="img"
                  viewBox="0 0 384 512"
                  xmlns="http://www.w3.org/2000/svg"
                >
                  <path
                    d="M342.6 150.6c12.5-12.5 12.5-32.8 0-45.3s-32.8-12.5-45.3 0L192 210.7 86.6 105.4c-12.5-12.5-32.8-12.5-45.3 0s-12.5 32.8 0 45.3L146.7 256 41.4 361.4c-12.5 12.5-12.5 32.8 0 45.3s32.8 12.5 45.3 0L192 301.3 297.4 406.6c12.5 12.5 32.8 12.5 45.3 0s12.5-32.8 0-45.3L237.3 256 342.6 150.6z"
                    fill="currentColor"
                  />
                </svg>
                  Delete
              </button>
            </td>
          </tr>
        </tbody>
      </table>
    </div>
  </div>
</div>
`;
