// Jest Snapshot v1, https://goo.gl/fbAQLP

exports[`Markers component Markers should render properly 1`] = `
<div>
  markers
</div>
`;
