// Jest Snapshot v1, https://goo.gl/fbAQLP

exports[`Tooltip component Tooltip should render properly 1`] = `<div />`;
